[2026-04-28 15:05:14] local.ERROR: SQLSTATE[42S02]: Base table or view not found: 1146 Table 'product_db.sessions' doesn't exist (Connection: mysql, Host: 127.0.0.1, Port: 3306, Database: product_db, SQL: select * from `sessions` where `id` = Mp88mgWs9ajarLMmdq9MsJknHTCLw68D5BaJVNpb limit 1) {"exception":"[object] (Illuminate\\Database\\QueryException(code: 42S02): SQLSTATE[42S02]: Base table or view not found: 1146 Table 'product_db.sessions' doesn't exist (Connection: mysql, Host: 127.0.0.1, Port: 3306, Database: product_db, SQL: select * from `sessions` where `id` = Mp88mgWs9ajarLMmdq9MsJknHTCLw68D5BaJVNpb limit 1) at C:/Users/Abel Christian Yahya/Documents/uts-iae-soa-kelompokbiner/product-service/vendor/laravel/framework/src/Illuminate/Database/Connection.php:838)
[stacktrace]
#0 C:/Users/Abel Christian Yahya/Documents/uts-iae-soa-kelompokbiner/product-service/vendor/laravel/framework/src/Illuminate/Database/Connection.php(794): Illuminate/Database/Connection->runQueryCallback('select * from `...', Array, Object(Closure))
#1 C:/Users/Abel Christian Yahya/Documents/uts-iae-soa-kelompokbiner/product-service/vendor/laravel/framework/src/Illuminate/Database/Connection.php(411): Illuminate/Database/Connection->run('select * from `...', Array, Object(Closure))
#2 C:/Users/Abel Christian Yahya/Documents/uts-iae-soa-kelompokbiner/product-service/vendor/laravel/framework/src/Illuminate/Database/Query/Builder.php(3505): Illuminate/Database/Connection->select('select * from `...', Array, false)
#3 C:/Users/Abel Christian Yahya/Documents/uts-iae-soa-kelompokbiner/product-service/vendor/laravel/framework/src/Illuminate/Database/Query/Builder.php(3490): Illuminate/Database/Query/Builder->runSelect()
#4 C:/Users/Abel Christian Yahya/Documents/uts-iae-soa-kelompokbiner/product-service/vendor/laravel/framework/src/Illuminate/Database/Query/Builder.php(4080): Illuminate/Database/Query/Builder->Illuminate/Database/Query/{closure}()
#5 C:/Users/Abel Christian Yahya/Documents/uts-iae-soa-kelompokbiner/product-service/vendor/laravel/framework/src/Illuminate/Database/Query/Builder.php(3489): Illuminate/Database/Query/Builder->onceWithColumns(Array, Object(Closure))
#6 C:/Users/Abel Christian Yahya/Documents/uts-iae-soa-kelompokbiner/product-service/vendor/laravel/framework/src/Illuminate/Database/Concerns/BuildsQueries.php(366): Illuminate/Database/Query/Builder->get(Array)
#7 C:/Users/Abel Christian Yahya/Documents/uts-iae-soa-kelompokbiner/product-service/vendor/laravel/framework/src/Illuminate/Database/Query/Builder.php(3412): Illuminate/Database/Query/Builder->first(Array)
#8 C:/Users/Abel Christian Yahya/Documents/uts-iae-soa-kelompokbiner/product-service/vendor/laravel/framework/src/Illuminate/Session/DatabaseSessionHandler.php(96): Illuminate/Database/Query/Builder->find('Mp88mgWs9ajarLM...')
#9 C:/Users/Abel Christian Yahya/Documents/uts-iae-soa-kelompokbiner/product-service/vendor/laravel/framework/src/Illuminate/Session/Store.php(128): Illuminate/Session/DatabaseSessionHandler->read('Mp88mgWs9ajarLM...')
#10 C:/Users/Abel Christian Yahya/Documents/uts-iae-soa-kelompokbiner/product-service/vendor/laravel/framework/src/Illuminate/Session/Store.php(116): Illuminate/Session/Store->readFromHandler()
#11 C:/Users/Abel Christian Yahya/Documents/uts-iae-soa-kelompokbiner/product-service/vendor/laravel/framework/src/Illuminate/Session/Store.php(100): Illuminate/Session/Store->loadSession()
#12 C:/Users/Abel Christian Yahya/Documents/uts-iae-soa-kelompokbiner/product-service/vendor/laravel/framework/src/Illuminate/Session/Middleware/StartSession.php(146): Illuminate/Session/Store->start()
#13 C:/Users/Abel Christian Yahya/Documents/uts-iae-soa-kelompokbiner/product-service/vendor/laravel/framework/src/Illuminate/Support/helpers.php(393): Illuminate/Session/Middleware/StartSession->Illuminate/Session/Middleware/{closure}(Object(Illuminate/Session/Store))
#14 C:/Users/Abel Christian Yahya/Documents/uts-iae-soa-kelompokbiner/product-service/vendor/laravel/framework/src/Illuminate/Session/Middleware/StartSession.php(143): tap(Object(Illuminate/Session/Store), Object(Closure))
#15 C:/Users/Abel Christian Yahya/Documents/uts-iae-soa-kelompokbiner/product-service/vendor/laravel/framework/src/Illuminate/Session/Middleware/StartSession.php(115): Illuminate/Session/Middleware/StartSession->startSession(Object(Illuminate/Http/Request), Object(Illuminate/Session/Store))
#16 C:/Users/Abel Christian Yahya/Documents/uts-iae-soa-kelompokbiner/product-service/vendor/laravel/framework/src/Illuminate/Session/Middleware/StartSession.php(63): Illuminate/Session/Middleware/StartSession->handleStatefulRequest(Object(Illuminate/Http/Request), Object(Illuminate/Session/Store), Object(Closure))
#17 C:/Users/Abel Christian Yahya/Documents/uts-iae-soa-kelompokbiner/product-service/vendor/laravel/framework/src/Illuminate/Pipeline/Pipeline.php(219): Illuminate/Session/Middleware/StartSession->handle(Object(Illuminate/Http/Request), Object(Closure))
#18 C:/Users/Abel Christian Yahya/Documents/uts-iae-soa-kelompokbiner/product-service/vendor/laravel/framework/src/Illuminate/Cookie/Middleware/AddQueuedCookiesToResponse.php(36): Illuminate/Pipeline/Pipeline->Illuminate/Pipeline/{closure}(Object(Illuminate/Http/Request))
#19 C:/Users/Abel Christian Yahya/Documents/uts-iae-soa-kelompokbiner/product-service/vendor/laravel/framework/src/Illuminate/Pipeline/Pipeline.php(219): Illuminate/Cookie/Middleware/AddQueuedCookiesToResponse->handle(Object(Illuminate/Http/Request), Object(Closure))
#20 C:/Users/Abel Christian Yahya/Documents/uts-iae-soa-kelompokbiner/product-service/vendor/laravel/framework/src/Illuminate/Cookie/Middleware/EncryptCookies.php(74): Illuminate/Pipeline/Pipeline->Illuminate/Pipeline/{closure}(Object(Illuminate/Http/Request))
#21 C:/Users/Abel Christian Yahya/Documents/uts-iae-soa-kelompokbiner/product-service/vendor/laravel/framework/src/Illuminate/Pipeline/Pipeline.php(219): Illuminate/Cookie/Middleware/EncryptCookies->handle(Object(Illuminate/Http/Request), Object(Closure))
#22 C:/Users/Abel Christian Yahya/Documents/uts-iae-soa-kelompokbiner/product-service/vendor/laravel/framework/src/Illuminate/Pipeline/Pipeline.php(137): Illuminate/Pipeline/Pipeline->Illuminate/Pipeline/{closure}(Object(Illuminate/Http/Request))
#23 C:/Users/Abel Christian Yahya/Documents/uts-iae-soa-kelompokbiner/product-service/vendor/laravel/framework/src/Illuminate/Routing/Router.php(821): Illuminate/Pipeline/Pipeline->then(Object(Closure))
#24 C:/Users/Abel Christian Yahya/Documents/uts-iae-soa-kelompokbiner/product-service/vendor/laravel/framework/src/Illuminate/Routing/Router.php(800): Illuminate/Routing/Router->runRouteWithinStack(Object(Illuminate/Routing/Route), Object(Illuminate/Http/Request))
#25 C:/Users/Abel Christian Yahya/Documents/uts-iae-soa-kelompokbiner/product-service/vendor/laravel/framework/src/Illuminate/Routing/Router.php(764): Illuminate/Routing/Router->runRoute(Object(Illuminate/Http/Request), Object(Illuminate/Routing/Route))
#26 C:/Users/Abel Christian Yahya/Documents/uts-iae-soa-kelompokbiner/product-service/vendor/laravel/framework/src/Illuminate/Routing/Router.php(753): Illuminate/Routing/Router->dispatchToRoute(Object(Illuminate/Http/Request))
#27 C:/Users/Abel Christian Yahya/Documents/uts-iae-soa-kelompokbiner/product-service/vendor/laravel/framework/src/Illuminate/Foundation/Http/Kernel.php(200): Illuminate/Routing/Router->dispatch(Object(Illuminate/Http/Request))
#28 C:/Users/Abel Christian Yahya/Documents/uts-iae-soa-kelompokbiner/product-service/vendor/laravel/framework/src/Illuminate/Pipeline/Pipeline.php(180): Illuminate/Foundation/Http/Kernel->Illuminate/Foundation/Http/{closure}(Object(Illuminate/Http/Request))
#29 C:/Users/Abel Christian Yahya/Documents/uts-iae-soa-kelompokbiner/product-service/vendor/laravel/framework/src/Illuminate/Foundation/Http/Middleware/TransformsRequest.php(21): Illuminate/Pipeline/Pipeline->Illuminate/Pipeline/{closure}(Object(Illuminate/Http/Request))
#30 C:/Users/Abel Christian Yahya/Documents/uts-iae-soa-kelompokbiner/product-service/vendor/laravel/framework/src/Illuminate/Foundation/Http/Middleware/ConvertEmptyStringsToNull.php(31): Illuminate/Foundation/Http/Middleware/TransformsRequest->handle(Object(Illuminate/Http/Request), Object(Closure))
#31 C:/Users/Abel Christian Yahya/Documents/uts-iae-soa-kelompokbiner/product-service/vendor/laravel/framework/src/Illuminate/Pipeline/Pipeline.php(219): Illuminate/Foundation/Http/Middleware/ConvertEmptyStringsToNull->handle(Object(Illuminate/Http/Request), Object(Closure))
#32 C:/Users/Abel Christian Yahya/Documents/uts-iae-soa-kelompokbiner/product-service/vendor/laravel/framework/src/Illuminate/Foundation/Http/Middleware/TransformsRequest.php(21): Illuminate/Pipeline/Pipeline->Illuminate/Pipeline/{closure}(Object(Illuminate/Http/Request))
#33 C:/Users/Abel Christian Yahya/Documents/uts-iae-soa-kelompokbiner/product-service/vendor/laravel/framework/src/Illuminate/Foundation/Http/Middleware/TrimStrings.php(51): Illuminate/Foundation/Http/Middleware/TransformsRequest->handle(Object(Illuminate/Http/Request), Object(Closure))
#34 C:/Users/Abel Christian Yahya/Documents/uts-iae-soa-kelompokbiner/product-service/vendor/laravel/framework/src/Illuminate/Pipeline/Pipeline.php(219): Illuminate/Foundation/Http/Middleware/TrimStrings->handle(Object(Illuminate/Http/Request), Object(Closure))
#35 C:/Users/Abel Christian Yahya/Documents/uts-iae-soa-kelompokbiner/product-service/vendor/laravel/framework/src/Illuminate/Http/Middleware/ValidatePostSize.php(27): Illuminate/Pipeline/Pipeline->Illuminate/Pipeline/{closure}(Object(Illuminate/Http/Request))
#36 C:/Users/Abel Christian Yahya/Documents/uts-iae-soa-kelompokbiner/product-service/vendor/laravel/framework/src/Illuminate/Pipeline/Pipeline.php(219): Illuminate/Http/Middleware/ValidatePostSize->handle(Object(Illuminate/Http/Request), Object(Closure))
#37 C:/Users/Abel Christian Yahya/Documents/uts-iae-soa-kelompokbiner/product-service/vendor/laravel/framework/src/Illuminate/Foundation/Http/Middleware/PreventRequestsDuringMaintenance.php(109): Illuminate/Pipeline/Pipeline->Illuminate/Pipeline/{closure}(Object(Illuminate/Http/Request))
#38 C:/Users/Abel Christian Yahya/Documents/uts-iae-soa-kelompokbiner/product-service/vendor/laravel/framework/src/Illuminate/Pipeline/Pipeline.php(219): Illuminate/Foundation/Http/Middleware/PreventRequestsDuringMaintenance->handle(Object(Illuminate/Http/Request), Object(Closure))
#39 C:/Users/Abel Christian Yahya/Documents/uts-iae-soa-kelompokbiner/product-service/vendor/laravel/framework/src/Illuminate/Http/Middleware/HandleCors.php(61): Illuminate/Pipeline/Pipeline->Illuminate/Pipeline/{closure}(Object(Illuminate/Http/Request))
#40 C:/Users/Abel Christian Yahya/Documents/uts-iae-soa-kelompokbiner/product-service/vendor/laravel/framework/src/Illuminate/Pipeline/Pipeline.php(219): Illuminate/Http/Middleware/HandleCors->handle(Object(Illuminate/Http/Request), Object(Closure))
#41 C:/Users/Abel Christian Yahya/Documents/uts-iae-soa-kelompokbiner/product-service/vendor/laravel/framework/src/Illuminate/Http/Middleware/TrustProxies.php(58): Illuminate/Pipeline/Pipeline->Illuminate/Pipeline/{closure}(Object(Illuminate/Http/Request))
#42 C:/Users/Abel Christian Yahya/Documents/uts-iae-soa-kelompokbiner/product-service/vendor/laravel/framework/src/Illuminate/Pipeline/Pipeline.php(219): Illuminate/Http/Middleware/TrustProxies->handle(Object(Illuminate/Http/Request), Object(Closure))
#43 C:/Users/Abel Christian Yahya/Documents/uts-iae-soa-kelompokbiner/product-service/vendor/laravel/framework/src/Illuminate/Foundation/Http/Middleware/InvokeDeferredCallbacks.php(22): Illuminate/Pipeline/Pipeline->Illuminate/Pipeline/{closure}(Object(Illuminate/Http/Request))
#44 C:/Users/Abel Christian Yahya/Documents/uts-iae-soa-kelompokbiner/product-service/vendor/laravel/framework/src/Illuminate/Pipeline/Pipeline.php(219): Illuminate/Foundation/Http/Middleware/InvokeDeferredCallbacks->handle(Object(Illuminate/Http/Request), Object(Closure))
#45 C:/Users/Abel Christian Yahya/Documents/uts-iae-soa-kelompokbiner/product-service/vendor/laravel/framework/src/Illuminate/Http/Middleware/ValidatePathEncoding.php(26): Illuminate/Pipeline/Pipeline->Illuminate/Pipeline/{closure}(Object(Illuminate/Http/Request))
#46 C:/Users/Abel Christian Yahya/Documents/uts-iae-soa-kelompokbiner/product-service/vendor/laravel/framework/src/Illuminate/Pipeline/Pipeline.php(219): Illuminate/Http/Middleware/ValidatePathEncoding->handle(Object(Illuminate/Http/Request), Object(Closure))
#47 C:/Users/Abel Christian Yahya/Documents/uts-iae-soa-kelompokbiner/product-service/vendor/laravel/framework/src/Illuminate/Pipeline/Pipeline.php(137): Illuminate/Pipeline/Pipeline->Illuminate/Pipeline/{closure}(Object(Illuminate/Http/Request))
#48 C:/Users/Abel Christian Yahya/Documents/uts-iae-soa-kelompokbiner/product-service/vendor/laravel/framework/src/Illuminate/Foundation/Http/Kernel.php(175): Illuminate/Pipeline/Pipeline->then(Object(Closure))
#49 C:/Users/Abel Christian Yahya/Documents/uts-iae-soa-kelompokbiner/product-service/vendor/laravel/framework/src/Illuminate/Foundation/Http/Kernel.php(144): Illuminate/Foundation/Http/Kernel->sendRequestThroughRouter(Object(Illuminate/Http/Request))
#50 C:/Users/Abel Christian Yahya/Documents/uts-iae-soa-kelompokbiner/product-service/vendor/laravel/framework/src/Illuminate/Foundation/Application.php(1220): Illuminate/Foundation/Http/Kernel->handle(Object(Illuminate/Http/Request))
#51 C:/Users/Abel Christian Yahya/Documents/uts-iae-soa-kelompokbiner/product-service/public/index.php(20): Illuminate/Foundation/Application->handleRequest(Object(Illuminate/Http/Request))
#52 C:/Users/Abel Christian Yahya/Documents/uts-iae-soa-kelompokbiner/product-service/vendor/laravel/framework/src/Illuminate/Foundation/resources/server.php(23): require_once('C://Users//Abel C...')
#53 {main}

[previous exception] [object] (PDOException(code: 42S02): SQLSTATE[42S02]: Base table or view not found: 1146 Table 'product_db.sessions' doesn't exist at C:/Users/Abel Christian Yahya/Documents/uts-iae-soa-kelompokbiner/product-service/vendor/laravel/framework/src/Illuminate/Database/Connection.php:420)
[stacktrace]
#0 C:/Users/Abel Christian Yahya/Documents/uts-iae-soa-kelompokbiner/product-service/vendor/laravel/framework/src/Illuminate/Database/Connection.php(420): PDO->prepare('select * from `...')
#1 C:/Users/Abel Christian Yahya/Documents/uts-iae-soa-kelompokbiner/product-service/vendor/laravel/framework/src/Illuminate/Database/Connection.php(827): Illuminate/Database/Connection->Illuminate/Database/{closure}('select * from `...', Array)
#2 C:/Users/Abel Christian Yahya/Documents/uts-iae-soa-kelompokbiner/product-service/vendor/laravel/framework/src/Illuminate/Database/Connection.php(794): Illuminate/Database/Connection->runQueryCallback('select * from `...', Array, Object(Closure))
#3 C:/Users/Abel Christian Yahya/Documents/uts-iae-soa-kelompokbiner/product-service/vendor/laravel/framework/src/Illuminate/Database/Connection.php(411): Illuminate/Database/Connection->run('select * from `...', Array, Object(Closure))
#4 C:/Users/Abel Christian Yahya/Documents/uts-iae-soa-kelompokbiner/product-service/vendor/laravel/framework/src/Illuminate/Database/Query/Builder.php(3505): Illuminate/Database/Connection->select('select * from `...', Array, false)
#5 C:/Users/Abel Christian Yahya/Documents/uts-iae-soa-kelompokbiner/product-service/vendor/laravel/framework/src/Illuminate/Database/Query/Builder.php(3490): Illuminate/Database/Query/Builder->runSelect()
#6 C:/Users/Abel Christian Yahya/Documents/uts-iae-soa-kelompokbiner/product-service/vendor/laravel/framework/src/Illuminate/Database/Query/Builder.php(4080): Illuminate/Database/Query/Builder->Illuminate/Database/Query/{closure}()
#7 C:/Users/Abel Christian Yahya/Documents/uts-iae-soa-kelompokbiner/product-service/vendor/laravel/framework/src/Illuminate/Database/Query/Builder.php(3489): Illuminate/Database/Query/Builder->onceWithColumns(Array, Object(Closure))
#8 C:/Users/Abel Christian Yahya/Documents/uts-iae-soa-kelompokbiner/product-service/vendor/laravel/framework/src/Illuminate/Database/Concerns/BuildsQueries.php(366): Illuminate/Database/Query/Builder->get(Array)
#9 C:/Users/Abel Christian Yahya/Documents/uts-iae-soa-kelompokbiner/product-service/vendor/laravel/framework/src/Illuminate/Database/Query/Builder.php(3412): Illuminate/Database/Query/Builder->first(Array)
#10 C:/Users/Abel Christian Yahya/Documents/uts-iae-soa-kelompokbiner/product-service/vendor/laravel/framework/src/Illuminate/Session/DatabaseSessionHandler.php(96): Illuminate/Database/Query/Builder->find('Mp88mgWs9ajarLM...')
#11 C:/Users/Abel Christian Yahya/Documents/uts-iae-soa-kelompokbiner/product-service/vendor/laravel/framework/src/Illuminate/Session/Store.php(128): Illuminate/Session/DatabaseSessionHandler->read('Mp88mgWs9ajarLM...')
#12 C:/Users/Abel Christian Yahya/Documents/uts-iae-soa-kelompokbiner/product-service/vendor/laravel/framework/src/Illuminate/Session/Store.php(116): Illuminate/Session/Store->readFromHandler()
#13 C:/Users/Abel Christian Yahya/Documents/uts-iae-soa-kelompokbiner/product-service/vendor/laravel/framework/src/Illuminate/Session/Store.php(100): Illuminate/Session/Store->loadSession()
#14 C:/Users/Abel Christian Yahya/Documents/uts-iae-soa-kelompokbiner/product-service/vendor/laravel/framework/src/Illuminate/Session/Middleware/StartSession.php(146): Illuminate/Session/Store->start()
#15 C:/Users/Abel Christian Yahya/Documents/uts-iae-soa-kelompokbiner/product-service/vendor/laravel/framework/src/Illuminate/Support/helpers.php(393): Illuminate/Session/Middleware/StartSession->Illuminate/Session/Middleware/{closure}(Object(Illuminate/Session/Store))
#16 C:/Users/Abel Christian Yahya/Documents/uts-iae-soa-kelompokbiner/product-service/vendor/laravel/framework/src/Illuminate/Session/Middleware/StartSession.php(143): tap(Object(Illuminate/Session/Store), Object(Closure))
#17 C:/Users/Abel Christian Yahya/Documents/uts-iae-soa-kelompokbiner/product-service/vendor/laravel/framework/src/Illuminate/Session/Middleware/StartSession.php(115): Illuminate/Session/Middleware/StartSession->startSession(Object(Illuminate/Http/Request), Object(Illuminate/Session/Store))
#18 C:/Users/Abel Christian Yahya/Documents/uts-iae-soa-kelompokbiner/product-service/vendor/laravel/framework/src/Illuminate/Session/Middleware/StartSession.php(63): Illuminate/Session/Middleware/StartSession->handleStatefulRequest(Object(Illuminate/Http/Request), Object(Illuminate/Session/Store), Object(Closure))
#19 C:/Users/Abel Christian Yahya/Documents/uts-iae-soa-kelompokbiner/product-service/vendor/laravel/framework/src/Illuminate/Pipeline/Pipeline.php(219): Illuminate/Session/Middleware/StartSession->handle(Object(Illuminate/Http/Request), Object(Closure))
#20 C:/Users/Abel Christian Yahya/Documents/uts-iae-soa-kelompokbiner/product-service/vendor/laravel/framework/src/Illuminate/Cookie/Middleware/AddQueuedCookiesToResponse.php(36): Illuminate/Pipeline/Pipeline->Illuminate/Pipeline/{closure}(Object(Illuminate/Http/Request))
#21 C:/Users/Abel Christian Yahya/Documents/uts-iae-soa-kelompokbiner/product-service/vendor/laravel/framework/src/Illuminate/Pipeline/Pipeline.php(219): Illuminate/Cookie/Middleware/AddQueuedCookiesToResponse->handle(Object(Illuminate/Http/Request), Object(Closure))
#22 C:/Users/Abel Christian Yahya/Documents/uts-iae-soa-kelompokbiner/product-service/vendor/laravel/framework/src/Illuminate/Cookie/Middleware/EncryptCookies.php(74): Illuminate/Pipeline/Pipeline->Illuminate/Pipeline/{closure}(Object(Illuminate/Http/Request))
#23 C:/Users/Abel Christian Yahya/Documents/uts-iae-soa-kelompokbiner/product-service/vendor/laravel/framework/src/Illuminate/Pipeline/Pipeline.php(219): Illuminate/Cookie/Middleware/EncryptCookies->handle(Object(Illuminate/Http/Request), Object(Closure))
#24 C:/Users/Abel Christian Yahya/Documents/uts-iae-soa-kelompokbiner/product-service/vendor/laravel/framework/src/Illuminate/Pipeline/Pipeline.php(137): Illuminate/Pipeline/Pipeline->Illuminate/Pipeline/{closure}(Object(Illuminate/Http/Request))
#25 C:/Users/Abel Christian Yahya/Documents/uts-iae-soa-kelompokbiner/product-service/vendor/laravel/framework/src/Illuminate/Routing/Router.php(821): Illuminate/Pipeline/Pipeline->then(Object(Closure))
#26 C:/Users/Abel Christian Yahya/Documents/uts-iae-soa-kelompokbiner/product-service/vendor/laravel/framework/src/Illuminate/Routing/Router.php(800): Illuminate/Routing/Router->runRouteWithinStack(Object(Illuminate/Routing/Route), Object(Illuminate/Http/Request))
#27 C:/Users/Abel Christian Yahya/Documents/uts-iae-soa-kelompokbiner/product-service/vendor/laravel/framework/src/Illuminate/Routing/Router.php(764): Illuminate/Routing/Router->runRoute(Object(Illuminate/Http/Request), Object(Illuminate/Routing/Route))
#28 C:/Users/Abel Christian Yahya/Documents/uts-iae-soa-kelompokbiner/product-service/vendor/laravel/framework/src/Illuminate/Routing/Router.php(753): Illuminate/Routing/Router->dispatchToRoute(Object(Illuminate/Http/Request))
#29 C:/Users/Abel Christian Yahya/Documents/uts-iae-soa-kelompokbiner/product-service/vendor/laravel/framework/src/Illuminate/Foundation/Http/Kernel.php(200): Illuminate/Routing/Router->dispatch(Object(Illuminate/Http/Request))
#30 C:/Users/Abel Christian Yahya/Documents/uts-iae-soa-kelompokbiner/product-service/vendor/laravel/framework/src/Illuminate/Pipeline/Pipeline.php(180): Illuminate/Foundation/Http/Kernel->Illuminate/Foundation/Http/{closure}(Object(Illuminate/Http/Request))
#31 C:/Users/Abel Christian Yahya/Documents/uts-iae-soa-kelompokbiner/product-service/vendor/laravel/framework/src/Illuminate/Foundation/Http/Middleware/TransformsRequest.php(21): Illuminate/Pipeline/Pipeline->Illuminate/Pipeline/{closure}(Object(Illuminate/Http/Request))
#32 C:/Users/Abel Christian Yahya/Documents/uts-iae-soa-kelompokbiner/product-service/vendor/laravel/framework/src/Illuminate/Foundation/Http/Middleware/ConvertEmptyStringsToNull.php(31): Illuminate/Foundation/Http/Middleware/TransformsRequest->handle(Object(Illuminate/Http/Request), Object(Closure))
#33 C:/Users/Abel Christian Yahya/Documents/uts-iae-soa-kelompokbiner/product-service/vendor/laravel/framework/src/Illuminate/Pipeline/Pipeline.php(219): Illuminate/Foundation/Http/Middleware/ConvertEmptyStringsToNull->handle(Object(Illuminate/Http/Request), Object(Closure))
#34 C:/Users/Abel Christian Yahya/Documents/uts-iae-soa-kelompokbiner/product-service/vendor/laravel/framework/src/Illuminate/Foundation/Http/Middleware/TransformsRequest.php(21): Illuminate/Pipeline/Pipeline->Illuminate/Pipeline/{closure}(Object(Illuminate/Http/Request))
#35 C:/Users/Abel Christian Yahya/Documents/uts-iae-soa-kelompokbiner/product-service/vendor/laravel/framework/src/Illuminate/Foundation/Http/Middleware/TrimStrings.php(51): Illuminate/Foundation/Http/Middleware/TransformsRequest->handle(Object(Illuminate/Http/Request), Object(Closure))
#36 C:/Users/Abel Christian Yahya/Documents/uts-iae-soa-kelompokbiner/product-service/vendor/laravel/framework/src/Illuminate/Pipeline/Pipeline.php(219): Illuminate/Foundation/Http/Middleware/TrimStrings->handle(Object(Illuminate/Http/Request), Object(Closure))
#37 C:/Users/Abel Christian Yahya/Documents/uts-iae-soa-kelompokbiner/product-service/vendor/laravel/framework/src/Illuminate/Http/Middleware/ValidatePostSize.php(27): Illuminate/Pipeline/Pipeline->Illuminate/Pipeline/{closure}(Object(Illuminate/Http/Request))
#38 C:/Users/Abel Christian Yahya/Documents/uts-iae-soa-kelompokbiner/product-service/vendor/laravel/framework/src/Illuminate/Pipeline/Pipeline.php(219): Illuminate/Http/Middleware/ValidatePostSize->handle(Object(Illuminate/Http/Request), Object(Closure))
#39 C:/Users/Abel Christian Yahya/Documents/uts-iae-soa-kelompokbiner/product-service/vendor/laravel/framework/src/Illuminate/Foundation/Http/Middleware/PreventRequestsDuringMaintenance.php(109): Illuminate/Pipeline/Pipeline->Illuminate/Pipeline/{closure}(Object(Illuminate/Http/Request))
#40 C:/Users/Abel Christian Yahya/Documents/uts-iae-soa-kelompokbiner/product-service/vendor/laravel/framework/src/Illuminate/Pipeline/Pipeline.php(219): Illuminate/Foundation/Http/Middleware/PreventRequestsDuringMaintenance->handle(Object(Illuminate/Http/Request), Object(Closure))
#41 C:/Users/Abel Christian Yahya/Documents/uts-iae-soa-kelompokbiner/product-service/vendor/laravel/framework/src/Illuminate/Http/Middleware/HandleCors.php(61): Illuminate/Pipeline/Pipeline->Illuminate/Pipeline/{closure}(Object(Illuminate/Http/Request))
#42 C:/Users/Abel Christian Yahya/Documents/uts-iae-soa-kelompokbiner/product-service/vendor/laravel/framework/src/Illuminate/Pipeline/Pipeline.php(219): Illuminate/Http/Middleware/HandleCors->handle(Object(Illuminate/Http/Request), Object(Closure))
#43 C:/Users/Abel Christian Yahya/Documents/uts-iae-soa-kelompokbiner/product-service/vendor/laravel/framework/src/Illuminate/Http/Middleware/TrustProxies.php(58): Illuminate/Pipeline/Pipeline->Illuminate/Pipeline/{closure}(Object(Illuminate/Http/Request))
#44 C:/Users/Abel Christian Yahya/Documents/uts-iae-soa-kelompokbiner/product-service/vendor/laravel/framework/src/Illuminate/Pipeline/Pipeline.php(219): Illuminate/Http/Middleware/TrustProxies->handle(Object(Illuminate/Http/Request), Object(Closure))
#45 C:/Users/Abel Christian Yahya/Documents/uts-iae-soa-kelompokbiner/product-service/vendor/laravel/framework/src/Illuminate/Foundation/Http/Middleware/InvokeDeferredCallbacks.php(22): Illuminate/Pipeline/Pipeline->Illuminate/Pipeline/{closure}(Object(Illuminate/Http/Request))
#46 C:/Users/Abel Christian Yahya/Documents/uts-iae-soa-kelompokbiner/product-service/vendor/laravel/framework/src/Illuminate/Pipeline/Pipeline.php(219): Illuminate/Foundation/Http/Middleware/InvokeDeferredCallbacks->handle(Object(Illuminate/Http/Request), Object(Closure))
#47 C:/Users/Abel Christian Yahya/Documents/uts-iae-soa-kelompokbiner/product-service/vendor/laravel/framework/src/Illuminate/Http/Middleware/ValidatePathEncoding.php(26): Illuminate/Pipeline/Pipeline->Illuminate/Pipeline/{closure}(Object(Illuminate/Http/Request))
#48 C:/Users/Abel Christian Yahya/Documents/uts-iae-soa-kelompokbiner/product-service/vendor/laravel/framework/src/Illuminate/Pipeline/Pipeline.php(219): Illuminate/Http/Middleware/ValidatePathEncoding->handle(Object(Illuminate/Http/Request), Object(Closure))
#49 C:/Users/Abel Christian Yahya/Documents/uts-iae-soa-kelompokbiner/product-service/vendor/laravel/framework/src/Illuminate/Pipeline/Pipeline.php(137): Illuminate/Pipeline/Pipeline->Illuminate/Pipeline/{closure}(Object(Illuminate/Http/Request))
#50 C:/Users/Abel Christian Yahya/Documents/uts-iae-soa-kelompokbiner/product-service/vendor/laravel/framework/src/Illuminate/Foundation/Http/Kernel.php(175): Illuminate/Pipeline/Pipeline->then(Object(Closure))
#51 C:/Users/Abel Christian Yahya/Documents/uts-iae-soa-kelompokbiner/product-service/vendor/laravel/framework/src/Illuminate/Foundation/Http/Kernel.php(144): Illuminate/Foundation/Http/Kernel->sendRequestThroughRouter(Object(Illuminate/Http/Request))
#52 C:/Users/Abel Christian Yahya/Documents/uts-iae-soa-kelompokbiner/product-service/vendor/laravel/framework/src/Illuminate/Foundation/Application.php(1220): Illuminate/Foundation/Http/Kernel->handle(Object(Illuminate/Http/Request))
#53 C:/Users/Abel Christian Yahya/Documents/uts-iae-soa-kelompokbiner/product-service/public/index.php(20): Illuminate/Foundation/Application->handleRequest(Object(Illuminate/Http/Request))
#54 C:/Users/Abel Christian Yahya/Documents/uts-iae-soa-kelompokbiner/product-service/vendor/laravel/framework/src/Illuminate/Foundation/resources/server.php(23): require_once('C://Users//Abel C...')
#55 {main}
"} 
[2026-04-28 15:05:30] local.ERROR: SQLSTATE[42S02]: Base table or view not found: 1146 Table 'product_db.sessions' doesn't exist (Connection: mysql, Host: 127.0.0.1, Port: 3306, Database: product_db, SQL: select * from `sessions` where `id` = lt5x0XU1m4VSRxVJ1eYBLcy51nskAFv9JelxGgtJ limit 1) {"exception":"[object] (Illuminate\\Database\\QueryException(code: 42S02): SQLSTATE[42S02]: Base table or view not found: 1146 Table 'product_db.sessions' doesn't exist (Connection: mysql, Host: 127.0.0.1, Port: 3306, Database: product_db, SQL: select * from `sessions` where `id` = lt5x0XU1m4VSRxVJ1eYBLcy51nskAFv9JelxGgtJ limit 1) at C:/Users/Abel Christian Yahya/Documents/uts-iae-soa-kelompokbiner/product-service/vendor/laravel/framework/src/Illuminate/Database/Connection.php:838)
[stacktrace]
#0 C:/Users/Abel Christian Yahya/Documents/uts-iae-soa-kelompokbiner/product-service/vendor/laravel/framework/src/Illuminate/Database/Connection.php(794): Illuminate/Database/Connection->runQueryCallback('select * from `...', Array, Object(Closure))
#1 C:/Users/Abel Christian Yahya/Documents/uts-iae-soa-kelompokbiner/product-service/vendor/laravel/framework/src/Illuminate/Database/Connection.php(411): Illuminate/Database/Connection->run('select * from `...', Array, Object(Closure))
#2 C:/Users/Abel Christian Yahya/Documents/uts-iae-soa-kelompokbiner/product-service/vendor/laravel/framework/src/Illuminate/Database/Query/Builder.php(3505): Illuminate/Database/Connection->select('select * from `...', Array, false)
#3 C:/Users/Abel Christian Yahya/Documents/uts-iae-soa-kelompokbiner/product-service/vendor/laravel/framework/src/Illuminate/Database/Query/Builder.php(3490): Illuminate/Database/Query/Builder->runSelect()
#4 C:/Users/Abel Christian Yahya/Documents/uts-iae-soa-kelompokbiner/product-service/vendor/laravel/framework/src/Illuminate/Database/Query/Builder.php(4080): Illuminate/Database/Query/Builder->Illuminate/Database/Query/{closure}()
#5 C:/Users/Abel Christian Yahya/Documents/uts-iae-soa-kelompokbiner/product-service/vendor/laravel/framework/src/Illuminate/Database/Query/Builder.php(3489): Illuminate/Database/Query/Builder->onceWithColumns(Array, Object(Closure))
#6 C:/Users/Abel Christian Yahya/Documents/uts-iae-soa-kelompokbiner/product-service/vendor/laravel/framework/src/Illuminate/Database/Concerns/BuildsQueries.php(366): Illuminate/Database/Query/Builder->get(Array)
#7 C:/Users/Abel Christian Yahya/Documents/uts-iae-soa-kelompokbiner/product-service/vendor/laravel/framework/src/Illuminate/Database/Query/Builder.php(3412): Illuminate/Database/Query/Builder->first(Array)
#8 C:/Users/Abel Christian Yahya/Documents/uts-iae-soa-kelompokbiner/product-service/vendor/laravel/framework/src/Illuminate/Session/DatabaseSessionHandler.php(96): Illuminate/Database/Query/Builder->find('lt5x0XU1m4VSRxV...')
#9 C:/Users/Abel Christian Yahya/Documents/uts-iae-soa-kelompokbiner/product-service/vendor/laravel/framework/src/Illuminate/Session/Store.php(128): Illuminate/Session/DatabaseSessionHandler->read('lt5x0XU1m4VSRxV...')
#10 C:/Users/Abel Christian Yahya/Documents/uts-iae-soa-kelompokbiner/product-service/vendor/laravel/framework/src/Illuminate/Session/Store.php(116): Illuminate/Session/Store->readFromHandler()
#11 C:/Users/Abel Christian Yahya/Documents/uts-iae-soa-kelompokbiner/product-service/vendor/laravel/framework/src/Illuminate/Session/Store.php(100): Illuminate/Session/Store->loadSession()
#12 C:/Users/Abel Christian Yahya/Documents/uts-iae-soa-kelompokbiner/product-service/vendor/laravel/framework/src/Illuminate/Session/Middleware/StartSession.php(146): Illuminate/Session/Store->start()
#13 C:/Users/Abel Christian Yahya/Documents/uts-iae-soa-kelompokbiner/product-service/vendor/laravel/framework/src/Illuminate/Support/helpers.php(393): Illuminate/Session/Middleware/StartSession->Illuminate/Session/Middleware/{closure}(Object(Illuminate/Session/Store))
#14 C:/Users/Abel Christian Yahya/Documents/uts-iae-soa-kelompokbiner/product-service/vendor/laravel/framework/src/Illuminate/Session/Middleware/StartSession.php(143): tap(Object(Illuminate/Session/Store), Object(Closure))
#15 C:/Users/Abel Christian Yahya/Documents/uts-iae-soa-kelompokbiner/product-service/vendor/laravel/framework/src/Illuminate/Session/Middleware/StartSession.php(115): Illuminate/Session/Middleware/StartSession->startSession(Object(Illuminate/Http/Request), Object(Illuminate/Session/Store))
#16 C:/Users/Abel Christian Yahya/Documents/uts-iae-soa-kelompokbiner/product-service/vendor/laravel/framework/src/Illuminate/Session/Middleware/StartSession.php(63): Illuminate/Session/Middleware/StartSession->handleStatefulRequest(Object(Illuminate/Http/Request), Object(Illuminate/Session/Store), Object(Closure))
#17 C:/Users/Abel Christian Yahya/Documents/uts-iae-soa-kelompokbiner/product-service/vendor/laravel/framework/src/Illuminate/Pipeline/Pipeline.php(219): Illuminate/Session/Middleware/StartSession->handle(Object(Illuminate/Http/Request), Object(Closure))
#18 C:/Users/Abel Christian Yahya/Documents/uts-iae-soa-kelompokbiner/product-service/vendor/laravel/framework/src/Illuminate/Cookie/Middleware/AddQueuedCookiesToResponse.php(36): Illuminate/Pipeline/Pipeline->Illuminate/Pipeline/{closure}(Object(Illuminate/Http/Request))
#19 C:/Users/Abel Christian Yahya/Documents/uts-iae-soa-kelompokbiner/product-service/vendor/laravel/framework/src/Illuminate/Pipeline/Pipeline.php(219): Illuminate/Cookie/Middleware/AddQueuedCookiesToResponse->handle(Object(Illuminate/Http/Request), Object(Closure))
#20 C:/Users/Abel Christian Yahya/Documents/uts-iae-soa-kelompokbiner/product-service/vendor/laravel/framework/src/Illuminate/Cookie/Middleware/EncryptCookies.php(74): Illuminate/Pipeline/Pipeline->Illuminate/Pipeline/{closure}(Object(Illuminate/Http/Request))
#21 C:/Users/Abel Christian Yahya/Documents/uts-iae-soa-kelompokbiner/product-service/vendor/laravel/framework/src/Illuminate/Pipeline/Pipeline.php(219): Illuminate/Cookie/Middleware/EncryptCookies->handle(Object(Illuminate/Http/Request), Object(Closure))
#22 C:/Users/Abel Christian Yahya/Documents/uts-iae-soa-kelompokbiner/product-service/vendor/laravel/framework/src/Illuminate/Pipeline/Pipeline.php(137): Illuminate/Pipeline/Pipeline->Illuminate/Pipeline/{closure}(Object(Illuminate/Http/Request))
#23 C:/Users/Abel Christian Yahya/Documents/uts-iae-soa-kelompokbiner/product-service/vendor/laravel/framework/src/Illuminate/Routing/Router.php(821): Illuminate/Pipeline/Pipeline->then(Object(Closure))
#24 C:/Users/Abel Christian Yahya/Documents/uts-iae-soa-kelompokbiner/product-service/vendor/laravel/framework/src/Illuminate/Routing/Router.php(800): Illuminate/Routing/Router->runRouteWithinStack(Object(Illuminate/Routing/Route), Object(Illuminate/Http/Request))
#25 C:/Users/Abel Christian Yahya/Documents/uts-iae-soa-kelompokbiner/product-service/vendor/laravel/framework/src/Illuminate/Routing/Router.php(764): Illuminate/Routing/Router->runRoute(Object(Illuminate/Http/Request), Object(Illuminate/Routing/Route))
#26 C:/Users/Abel Christian Yahya/Documents/uts-iae-soa-kelompokbiner/product-service/vendor/laravel/framework/src/Illuminate/Routing/Router.php(753): Illuminate/Routing/Router->dispatchToRoute(Object(Illuminate/Http/Request))
#27 C:/Users/Abel Christian Yahya/Documents/uts-iae-soa-kelompokbiner/product-service/vendor/laravel/framework/src/Illuminate/Foundation/Http/Kernel.php(200): Illuminate/Routing/Router->dispatch(Object(Illuminate/Http/Request))
#28 C:/Users/Abel Christian Yahya/Documents/uts-iae-soa-kelompokbiner/product-service/vendor/laravel/framework/src/Illuminate/Pipeline/Pipeline.php(180): Illuminate/Foundation/Http/Kernel->Illuminate/Foundation/Http/{closure}(Object(Illuminate/Http/Request))
#29 C:/Users/Abel Christian Yahya/Documents/uts-iae-soa-kelompokbiner/product-service/vendor/laravel/framework/src/Illuminate/Foundation/Http/Middleware/TransformsRequest.php(21): Illuminate/Pipeline/Pipeline->Illuminate/Pipeline/{closure}(Object(Illuminate/Http/Request))
#30 C:/Users/Abel Christian Yahya/Documents/uts-iae-soa-kelompokbiner/product-service/vendor/laravel/framework/src/Illuminate/Foundation/Http/Middleware/ConvertEmptyStringsToNull.php(31): Illuminate/Foundation/Http/Middleware/TransformsRequest->handle(Object(Illuminate/Http/Request), Object(Closure))
#31 C:/Users/Abel Christian Yahya/Documents/uts-iae-soa-kelompokbiner/product-service/vendor/laravel/framework/src/Illuminate/Pipeline/Pipeline.php(219): Illuminate/Foundation/Http/Middleware/ConvertEmptyStringsToNull->handle(Object(Illuminate/Http/Request), Object(Closure))
#32 C:/Users/Abel Christian Yahya/Documents/uts-iae-soa-kelompokbiner/product-service/vendor/laravel/framework/src/Illuminate/Foundation/Http/Middleware/TransformsRequest.php(21): Illuminate/Pipeline/Pipeline->Illuminate/Pipeline/{closure}(Object(Illuminate/Http/Request))
#33 C:/Users/Abel Christian Yahya/Documents/uts-iae-soa-kelompokbiner/product-service/vendor/laravel/framework/src/Illuminate/Foundation/Http/Middleware/TrimStrings.php(51): Illuminate/Foundation/Http/Middleware/TransformsRequest->handle(Object(Illuminate/Http/Request), Object(Closure))
#34 C:/Users/Abel Christian Yahya/Documents/uts-iae-soa-kelompokbiner/product-service/vendor/laravel/framework/src/Illuminate/Pipeline/Pipeline.php(219): Illuminate/Foundation/Http/Middleware/TrimStrings->handle(Object(Illuminate/Http/Request), Object(Closure))
#35 C:/Users/Abel Christian Yahya/Documents/uts-iae-soa-kelompokbiner/product-service/vendor/laravel/framework/src/Illuminate/Http/Middleware/ValidatePostSize.php(27): Illuminate/Pipeline/Pipeline->Illuminate/Pipeline/{closure}(Object(Illuminate/Http/Request))
#36 C:/Users/Abel Christian Yahya/Documents/uts-iae-soa-kelompokbiner/product-service/vendor/laravel/framework/src/Illuminate/Pipeline/Pipeline.php(219): Illuminate/Http/Middleware/ValidatePostSize->handle(Object(Illuminate/Http/Request), Object(Closure))
#37 C:/Users/Abel Christian Yahya/Documents/uts-iae-soa-kelompokbiner/product-service/vendor/laravel/framework/src/Illuminate/Foundation/Http/Middleware/PreventRequestsDuringMaintenance.php(109): Illuminate/Pipeline/Pipeline->Illuminate/Pipeline/{closure}(Object(Illuminate/Http/Request))
#38 C:/Users/Abel Christian Yahya/Documents/uts-iae-soa-kelompokbiner/product-service/vendor/laravel/framework/src/Illuminate/Pipeline/Pipeline.php(219): Illuminate/Foundation/Http/Middleware/PreventRequestsDuringMaintenance->handle(Object(Illuminate/Http/Request), Object(Closure))
#39 C:/Users/Abel Christian Yahya/Documents/uts-iae-soa-kelompokbiner/product-service/vendor/laravel/framework/src/Illuminate/Http/Middleware/HandleCors.php(61): Illuminate/Pipeline/Pipeline->Illuminate/Pipeline/{closure}(Object(Illuminate/Http/Request))
#40 C:/Users/Abel Christian Yahya/Documents/uts-iae-soa-kelompokbiner/product-service/vendor/laravel/framework/src/Illuminate/Pipeline/Pipeline.php(219): Illuminate/Http/Middleware/HandleCors->handle(Object(Illuminate/Http/Request), Object(Closure))
#41 C:/Users/Abel Christian Yahya/Documents/uts-iae-soa-kelompokbiner/product-service/vendor/laravel/framework/src/Illuminate/Http/Middleware/TrustProxies.php(58): Illuminate/Pipeline/Pipeline->Illuminate/Pipeline/{closure}(Object(Illuminate/Http/Request))
#42 C:/Users/Abel Christian Yahya/Documents/uts-iae-soa-kelompokbiner/product-service/vendor/laravel/framework/src/Illuminate/Pipeline/Pipeline.php(219): Illuminate/Http/Middleware/TrustProxies->handle(Object(Illuminate/Http/Request), Object(Closure))
#43 C:/Users/Abel Christian Yahya/Documents/uts-iae-soa-kelompokbiner/product-service/vendor/laravel/framework/src/Illuminate/Foundation/Http/Middleware/InvokeDeferredCallbacks.php(22): Illuminate/Pipeline/Pipeline->Illuminate/Pipeline/{closure}(Object(Illuminate/Http/Request))
#44 C:/Users/Abel Christian Yahya/Documents/uts-iae-soa-kelompokbiner/product-service/vendor/laravel/framework/src/Illuminate/Pipeline/Pipeline.php(219): Illuminate/Foundation/Http/Middleware/InvokeDeferredCallbacks->handle(Object(Illuminate/Http/Request), Object(Closure))
#45 C:/Users/Abel Christian Yahya/Documents/uts-iae-soa-kelompokbiner/product-service/vendor/laravel/framework/src/Illuminate/Http/Middleware/ValidatePathEncoding.php(26): Illuminate/Pipeline/Pipeline->Illuminate/Pipeline/{closure}(Object(Illuminate/Http/Request))
#46 C:/Users/Abel Christian Yahya/Documents/uts-iae-soa-kelompokbiner/product-service/vendor/laravel/framework/src/Illuminate/Pipeline/Pipeline.php(219): Illuminate/Http/Middleware/ValidatePathEncoding->handle(Object(Illuminate/Http/Request), Object(Closure))
#47 C:/Users/Abel Christian Yahya/Documents/uts-iae-soa-kelompokbiner/product-service/vendor/laravel/framework/src/Illuminate/Pipeline/Pipeline.php(137): Illuminate/Pipeline/Pipeline->Illuminate/Pipeline/{closure}(Object(Illuminate/Http/Request))
#48 C:/Users/Abel Christian Yahya/Documents/uts-iae-soa-kelompokbiner/product-service/vendor/laravel/framework/src/Illuminate/Foundation/Http/Kernel.php(175): Illuminate/Pipeline/Pipeline->then(Object(Closure))
#49 C:/Users/Abel Christian Yahya/Documents/uts-iae-soa-kelompokbiner/product-service/vendor/laravel/framework/src/Illuminate/Foundation/Http/Kernel.php(144): Illuminate/Foundation/Http/Kernel->sendRequestThroughRouter(Object(Illuminate/Http/Request))
#50 C:/Users/Abel Christian Yahya/Documents/uts-iae-soa-kelompokbiner/product-service/vendor/laravel/framework/src/Illuminate/Foundation/Application.php(1220): Illuminate/Foundation/Http/Kernel->handle(Object(Illuminate/Http/Request))
#51 C:/Users/Abel Christian Yahya/Documents/uts-iae-soa-kelompokbiner/product-service/public/index.php(20): Illuminate/Foundation/Application->handleRequest(Object(Illuminate/Http/Request))
#52 C:/Users/Abel Christian Yahya/Documents/uts-iae-soa-kelompokbiner/product-service/vendor/laravel/framework/src/Illuminate/Foundation/resources/server.php(23): require_once('C://Users//Abel C...')
#53 {main}

[previous exception] [object] (PDOException(code: 42S02): SQLSTATE[42S02]: Base table or view not found: 1146 Table 'product_db.sessions' doesn't exist at C:/Users/Abel Christian Yahya/Documents/uts-iae-soa-kelompokbiner/product-service/vendor/laravel/framework/src/Illuminate/Database/Connection.php:420)
[stacktrace]
#0 C:/Users/Abel Christian Yahya/Documents/uts-iae-soa-kelompokbiner/product-service/vendor/laravel/framework/src/Illuminate/Database/Connection.php(420): PDO->prepare('select * from `...')
#1 C:/Users/Abel Christian Yahya/Documents/uts-iae-soa-kelompokbiner/product-service/vendor/laravel/framework/src/Illuminate/Database/Connection.php(827): Illuminate/Database/Connection->Illuminate/Database/{closure}('select * from `...', Array)
#2 C:/Users/Abel Christian Yahya/Documents/uts-iae-soa-kelompokbiner/product-service/vendor/laravel/framework/src/Illuminate/Database/Connection.php(794): Illuminate/Database/Connection->runQueryCallback('select * from `...', Array, Object(Closure))
#3 C:/Users/Abel Christian Yahya/Documents/uts-iae-soa-kelompokbiner/product-service/vendor/laravel/framework/src/Illuminate/Database/Connection.php(411): Illuminate/Database/Connection->run('select * from `...', Array, Object(Closure))
#4 C:/Users/Abel Christian Yahya/Documents/uts-iae-soa-kelompokbiner/product-service/vendor/laravel/framework/src/Illuminate/Database/Query/Builder.php(3505): Illuminate/Database/Connection->select('select * from `...', Array, false)
#5 C:/Users/Abel Christian Yahya/Documents/uts-iae-soa-kelompokbiner/product-service/vendor/laravel/framework/src/Illuminate/Database/Query/Builder.php(3490): Illuminate/Database/Query/Builder->runSelect()
#6 C:/Users/Abel Christian Yahya/Documents/uts-iae-soa-kelompokbiner/product-service/vendor/laravel/framework/src/Illuminate/Database/Query/Builder.php(4080): Illuminate/Database/Query/Builder->Illuminate/Database/Query/{closure}()
#7 C:/Users/Abel Christian Yahya/Documents/uts-iae-soa-kelompokbiner/product-service/vendor/laravel/framework/src/Illuminate/Database/Query/Builder.php(3489): Illuminate/Database/Query/Builder->onceWithColumns(Array, Object(Closure))
#8 C:/Users/Abel Christian Yahya/Documents/uts-iae-soa-kelompokbiner/product-service/vendor/laravel/framework/src/Illuminate/Database/Concerns/BuildsQueries.php(366): Illuminate/Database/Query/Builder->get(Array)
#9 C:/Users/Abel Christian Yahya/Documents/uts-iae-soa-kelompokbiner/product-service/vendor/laravel/framework/src/Illuminate/Database/Query/Builder.php(3412): Illuminate/Database/Query/Builder->first(Array)
#10 C:/Users/Abel Christian Yahya/Documents/uts-iae-soa-kelompokbiner/product-service/vendor/laravel/framework/src/Illuminate/Session/DatabaseSessionHandler.php(96): Illuminate/Database/Query/Builder->find('lt5x0XU1m4VSRxV...')
#11 C:/Users/Abel Christian Yahya/Documents/uts-iae-soa-kelompokbiner/product-service/vendor/laravel/framework/src/Illuminate/Session/Store.php(128): Illuminate/Session/DatabaseSessionHandler->read('lt5x0XU1m4VSRxV...')
#12 C:/Users/Abel Christian Yahya/Documents/uts-iae-soa-kelompokbiner/product-service/vendor/laravel/framework/src/Illuminate/Session/Store.php(116): Illuminate/Session/Store->readFromHandler()
#13 C:/Users/Abel Christian Yahya/Documents/uts-iae-soa-kelompokbiner/product-service/vendor/laravel/framework/src/Illuminate/Session/Store.php(100): Illuminate/Session/Store->loadSession()
#14 C:/Users/Abel Christian Yahya/Documents/uts-iae-soa-kelompokbiner/product-service/vendor/laravel/framework/src/Illuminate/Session/Middleware/StartSession.php(146): Illuminate/Session/Store->start()
#15 C:/Users/Abel Christian Yahya/Documents/uts-iae-soa-kelompokbiner/product-service/vendor/laravel/framework/src/Illuminate/Support/helpers.php(393): Illuminate/Session/Middleware/StartSession->Illuminate/Session/Middleware/{closure}(Object(Illuminate/Session/Store))
#16 C:/Users/Abel Christian Yahya/Documents/uts-iae-soa-kelompokbiner/product-service/vendor/laravel/framework/src/Illuminate/Session/Middleware/StartSession.php(143): tap(Object(Illuminate/Session/Store), Object(Closure))
#17 C:/Users/Abel Christian Yahya/Documents/uts-iae-soa-kelompokbiner/product-service/vendor/laravel/framework/src/Illuminate/Session/Middleware/StartSession.php(115): Illuminate/Session/Middleware/StartSession->startSession(Object(Illuminate/Http/Request), Object(Illuminate/Session/Store))
#18 C:/Users/Abel Christian Yahya/Documents/uts-iae-soa-kelompokbiner/product-service/vendor/laravel/framework/src/Illuminate/Session/Middleware/StartSession.php(63): Illuminate/Session/Middleware/StartSession->handleStatefulRequest(Object(Illuminate/Http/Request), Object(Illuminate/Session/Store), Object(Closure))
#19 C:/Users/Abel Christian Yahya/Documents/uts-iae-soa-kelompokbiner/product-service/vendor/laravel/framework/src/Illuminate/Pipeline/Pipeline.php(219): Illuminate/Session/Middleware/StartSession->handle(Object(Illuminate/Http/Request), Object(Closure))
#20 C:/Users/Abel Christian Yahya/Documents/uts-iae-soa-kelompokbiner/product-service/vendor/laravel/framework/src/Illuminate/Cookie/Middleware/AddQueuedCookiesToResponse.php(36): Illuminate/Pipeline/Pipeline->Illuminate/Pipeline/{closure}(Object(Illuminate/Http/Request))
#21 C:/Users/Abel Christian Yahya/Documents/uts-iae-soa-kelompokbiner/product-service/vendor/laravel/framework/src/Illuminate/Pipeline/Pipeline.php(219): Illuminate/Cookie/Middleware/AddQueuedCookiesToResponse->handle(Object(Illuminate/Http/Request), Object(Closure))
#22 C:/Users/Abel Christian Yahya/Documents/uts-iae-soa-kelompokbiner/product-service/vendor/laravel/framework/src/Illuminate/Cookie/Middleware/EncryptCookies.php(74): Illuminate/Pipeline/Pipeline->Illuminate/Pipeline/{closure}(Object(Illuminate/Http/Request))
#23 C:/Users/Abel Christian Yahya/Documents/uts-iae-soa-kelompokbiner/product-service/vendor/laravel/framework/src/Illuminate/Pipeline/Pipeline.php(219): Illuminate/Cookie/Middleware/EncryptCookies->handle(Object(Illuminate/Http/Request), Object(Closure))
#24 C:/Users/Abel Christian Yahya/Documents/uts-iae-soa-kelompokbiner/product-service/vendor/laravel/framework/src/Illuminate/Pipeline/Pipeline.php(137): Illuminate/Pipeline/Pipeline->Illuminate/Pipeline/{closure}(Object(Illuminate/Http/Request))
#25 C:/Users/Abel Christian Yahya/Documents/uts-iae-soa-kelompokbiner/product-service/vendor/laravel/framework/src/Illuminate/Routing/Router.php(821): Illuminate/Pipeline/Pipeline->then(Object(Closure))
#26 C:/Users/Abel Christian Yahya/Documents/uts-iae-soa-kelompokbiner/product-service/vendor/laravel/framework/src/Illuminate/Routing/Router.php(800): Illuminate/Routing/Router->runRouteWithinStack(Object(Illuminate/Routing/Route), Object(Illuminate/Http/Request))
#27 C:/Users/Abel Christian Yahya/Documents/uts-iae-soa-kelompokbiner/product-service/vendor/laravel/framework/src/Illuminate/Routing/Router.php(764): Illuminate/Routing/Router->runRoute(Object(Illuminate/Http/Request), Object(Illuminate/Routing/Route))
#28 C:/Users/Abel Christian Yahya/Documents/uts-iae-soa-kelompokbiner/product-service/vendor/laravel/framework/src/Illuminate/Routing/Router.php(753): Illuminate/Routing/Router->dispatchToRoute(Object(Illuminate/Http/Request))
#29 C:/Users/Abel Christian Yahya/Documents/uts-iae-soa-kelompokbiner/product-service/vendor/laravel/framework/src/Illuminate/Foundation/Http/Kernel.php(200): Illuminate/Routing/Router->dispatch(Object(Illuminate/Http/Request))
#30 C:/Users/Abel Christian Yahya/Documents/uts-iae-soa-kelompokbiner/product-service/vendor/laravel/framework/src/Illuminate/Pipeline/Pipeline.php(180): Illuminate/Foundation/Http/Kernel->Illuminate/Foundation/Http/{closure}(Object(Illuminate/Http/Request))
#31 C:/Users/Abel Christian Yahya/Documents/uts-iae-soa-kelompokbiner/product-service/vendor/laravel/framework/src/Illuminate/Foundation/Http/Middleware/TransformsRequest.php(21): Illuminate/Pipeline/Pipeline->Illuminate/Pipeline/{closure}(Object(Illuminate/Http/Request))
#32 C:/Users/Abel Christian Yahya/Documents/uts-iae-soa-kelompokbiner/product-service/vendor/laravel/framework/src/Illuminate/Foundation/Http/Middleware/ConvertEmptyStringsToNull.php(31): Illuminate/Foundation/Http/Middleware/TransformsRequest->handle(Object(Illuminate/Http/Request), Object(Closure))
#33 C:/Users/Abel Christian Yahya/Documents/uts-iae-soa-kelompokbiner/product-service/vendor/laravel/framework/src/Illuminate/Pipeline/Pipeline.php(219): Illuminate/Foundation/Http/Middleware/ConvertEmptyStringsToNull->handle(Object(Illuminate/Http/Request), Object(Closure))
#34 C:/Users/Abel Christian Yahya/Documents/uts-iae-soa-kelompokbiner/product-service/vendor/laravel/framework/src/Illuminate/Foundation/Http/Middleware/TransformsRequest.php(21): Illuminate/Pipeline/Pipeline->Illuminate/Pipeline/{closure}(Object(Illuminate/Http/Request))
#35 C:/Users/Abel Christian Yahya/Documents/uts-iae-soa-kelompokbiner/product-service/vendor/laravel/framework/src/Illuminate/Foundation/Http/Middleware/TrimStrings.php(51): Illuminate/Foundation/Http/Middleware/TransformsRequest->handle(Object(Illuminate/Http/Request), Object(Closure))
#36 C:/Users/Abel Christian Yahya/Documents/uts-iae-soa-kelompokbiner/product-service/vendor/laravel/framework/src/Illuminate/Pipeline/Pipeline.php(219): Illuminate/Foundation/Http/Middleware/TrimStrings->handle(Object(Illuminate/Http/Request), Object(Closure))
#37 C:/Users/Abel Christian Yahya/Documents/uts-iae-soa-kelompokbiner/product-service/vendor/laravel/framework/src/Illuminate/Http/Middleware/ValidatePostSize.php(27): Illuminate/Pipeline/Pipeline->Illuminate/Pipeline/{closure}(Object(Illuminate/Http/Request))
#38 C:/Users/Abel Christian Yahya/Documents/uts-iae-soa-kelompokbiner/product-service/vendor/laravel/framework/src/Illuminate/Pipeline/Pipeline.php(219): Illuminate/Http/Middleware/ValidatePostSize->handle(Object(Illuminate/Http/Request), Object(Closure))
#39 C:/Users/Abel Christian Yahya/Documents/uts-iae-soa-kelompokbiner/product-service/vendor/laravel/framework/src/Illuminate/Foundation/Http/Middleware/PreventRequestsDuringMaintenance.php(109): Illuminate/Pipeline/Pipeline->Illuminate/Pipeline/{closure}(Object(Illuminate/Http/Request))
#40 C:/Users/Abel Christian Yahya/Documents/uts-iae-soa-kelompokbiner/product-service/vendor/laravel/framework/src/Illuminate/Pipeline/Pipeline.php(219): Illuminate/Foundation/Http/Middleware/PreventRequestsDuringMaintenance->handle(Object(Illuminate/Http/Request), Object(Closure))
#41 C:/Users/Abel Christian Yahya/Documents/uts-iae-soa-kelompokbiner/product-service/vendor/laravel/framework/src/Illuminate/Http/Middleware/HandleCors.php(61): Illuminate/Pipeline/Pipeline->Illuminate/Pipeline/{closure}(Object(Illuminate/Http/Request))
#42 C:/Users/Abel Christian Yahya/Documents/uts-iae-soa-kelompokbiner/product-service/vendor/laravel/framework/src/Illuminate/Pipeline/Pipeline.php(219): Illuminate/Http/Middleware/HandleCors->handle(Object(Illuminate/Http/Request), Object(Closure))
#43 C:/Users/Abel Christian Yahya/Documents/uts-iae-soa-kelompokbiner/product-service/vendor/laravel/framework/src/Illuminate/Http/Middleware/TrustProxies.php(58): Illuminate/Pipeline/Pipeline->Illuminate/Pipeline/{closure}(Object(Illuminate/Http/Request))
#44 C:/Users/Abel Christian Yahya/Documents/uts-iae-soa-kelompokbiner/product-service/vendor/laravel/framework/src/Illuminate/Pipeline/Pipeline.php(219): Illuminate/Http/Middleware/TrustProxies->handle(Object(Illuminate/Http/Request), Object(Closure))
#45 C:/Users/Abel Christian Yahya/Documents/uts-iae-soa-kelompokbiner/product-service/vendor/laravel/framework/src/Illuminate/Foundation/Http/Middleware/InvokeDeferredCallbacks.php(22): Illuminate/Pipeline/Pipeline->Illuminate/Pipeline/{closure}(Object(Illuminate/Http/Request))
#46 C:/Users/Abel Christian Yahya/Documents/uts-iae-soa-kelompokbiner/product-service/vendor/laravel/framework/src/Illuminate/Pipeline/Pipeline.php(219): Illuminate/Foundation/Http/Middleware/InvokeDeferredCallbacks->handle(Object(Illuminate/Http/Request), Object(Closure))
#47 C:/Users/Abel Christian Yahya/Documents/uts-iae-soa-kelompokbiner/product-service/vendor/laravel/framework/src/Illuminate/Http/Middleware/ValidatePathEncoding.php(26): Illuminate/Pipeline/Pipeline->Illuminate/Pipeline/{closure}(Object(Illuminate/Http/Request))
#48 C:/Users/Abel Christian Yahya/Documents/uts-iae-soa-kelompokbiner/product-service/vendor/laravel/framework/src/Illuminate/Pipeline/Pipeline.php(219): Illuminate/Http/Middleware/ValidatePathEncoding->handle(Object(Illuminate/Http/Request), Object(Closure))
#49 C:/Users/Abel Christian Yahya/Documents/uts-iae-soa-kelompokbiner/product-service/vendor/laravel/framework/src/Illuminate/Pipeline/Pipeline.php(137): Illuminate/Pipeline/Pipeline->Illuminate/Pipeline/{closure}(Object(Illuminate/Http/Request))
#50 C:/Users/Abel Christian Yahya/Documents/uts-iae-soa-kelompokbiner/product-service/vendor/laravel/framework/src/Illuminate/Foundation/Http/Kernel.php(175): Illuminate/Pipeline/Pipeline->then(Object(Closure))
#51 C:/Users/Abel Christian Yahya/Documents/uts-iae-soa-kelompokbiner/product-service/vendor/laravel/framework/src/Illuminate/Foundation/Http/Kernel.php(144): Illuminate/Foundation/Http/Kernel->sendRequestThroughRouter(Object(Illuminate/Http/Request))
#52 C:/Users/Abel Christian Yahya/Documents/uts-iae-soa-kelompokbiner/product-service/vendor/laravel/framework/src/Illuminate/Foundation/Application.php(1220): Illuminate/Foundation/Http/Kernel->handle(Object(Illuminate/Http/Request))
#53 C:/Users/Abel Christian Yahya/Documents/uts-iae-soa-kelompokbiner/product-service/public/index.php(20): Illuminate/Foundation/Application->handleRequest(Object(Illuminate/Http/Request))
#54 C:/Users/Abel Christian Yahya/Documents/uts-iae-soa-kelompokbiner/product-service/vendor/laravel/framework/src/Illuminate/Foundation/resources/server.php(23): require_once('C://Users//Abel C...')
#55 {main}
"} 
[2026-04-28 15:36:11] local.ERROR: Class "App\Http\Controllers\Api\ProductController" does not exist {"exception":"[object] (ReflectionException(code: -1): Class \"App\\Http\\Controllers\\Api\\ProductController\" does not exist at C:/Users/Abel Christian Yahya/Documents/uts-iae-soa-kelompokbiner/product-service/vendor/laravel/framework/src/Illuminate/Foundation/Console/RouteListCommand.php:255)
[stacktrace]
#0 C:/Users/Abel Christian Yahya/Documents/uts-iae-soa-kelompokbiner/product-service/vendor/laravel/framework/src/Illuminate/Foundation/Console/RouteListCommand.php(255): ReflectionClass->__construct('App//Http//Contro...')
#1 C:/Users/Abel Christian Yahya/Documents/uts-iae-soa-kelompokbiner/product-service/vendor/laravel/framework/src/Illuminate/Foundation/Console/RouteListCommand.php(150): Illuminate/Foundation/Console/RouteListCommand->isVendorRoute(Object(Illuminate/Routing/Route))
#2 C:/Users/Abel Christian Yahya/Documents/uts-iae-soa-kelompokbiner/product-service/vendor/laravel/framework/src/Illuminate/Foundation/Console/RouteListCommand.php(117): Illuminate/Foundation/Console/RouteListCommand->getRouteInformation(Object(Illuminate/Routing/Route))
#3 [internal function]: Illuminate/Foundation/Console/RouteListCommand->Illuminate/Foundation/Console/{closure}(Object(Illuminate/Routing/Route), 0)
#4 C:/Users/Abel Christian Yahya/Documents/uts-iae-soa-kelompokbiner/product-service/vendor/laravel/framework/src/Illuminate/Collections/Arr.php(841): array_map(Object(Closure), Array, Array)
#5 C:/Users/Abel Christian Yahya/Documents/uts-iae-soa-kelompokbiner/product-service/vendor/laravel/framework/src/Illuminate/Collections/Collection.php(829): Illuminate/Support/Arr::map(Array, Object(Closure))
#6 C:/Users/Abel Christian Yahya/Documents/uts-iae-soa-kelompokbiner/product-service/vendor/laravel/framework/src/Illuminate/Foundation/Console/RouteListCommand.php(117): Illuminate/Support/Collection->map(Object(Closure))
#7 C:/Users/Abel Christian Yahya/Documents/uts-iae-soa-kelompokbiner/product-service/vendor/laravel/framework/src/Illuminate/Foundation/Console/RouteListCommand.php(102): Illuminate/Foundation/Console/RouteListCommand->getRoutes()
#8 C:/Users/Abel Christian Yahya/Documents/uts-iae-soa-kelompokbiner/product-service/vendor/laravel/framework/src/Illuminate/Container/BoundMethod.php(36): Illuminate/Foundation/Console/RouteListCommand->handle()
#9 C:/Users/Abel Christian Yahya/Documents/uts-iae-soa-kelompokbiner/product-service/vendor/laravel/framework/src/Illuminate/Container/Util.php(43): Illuminate/Container/BoundMethod::Illuminate/Container/{closure}()
#10 C:/Users/Abel Christian Yahya/Documents/uts-iae-soa-kelompokbiner/product-service/vendor/laravel/framework/src/Illuminate/Container/BoundMethod.php(96): Illuminate/Container/Util::unwrapIfClosure(Object(Closure))
#11 C:/Users/Abel Christian Yahya/Documents/uts-iae-soa-kelompokbiner/product-service/vendor/laravel/framework/src/Illuminate/Container/BoundMethod.php(35): Illuminate/Container/BoundMethod::callBoundMethod(Object(Illuminate/Foundation/Application), Array, Object(Closure))
#12 C:/Users/Abel Christian Yahya/Documents/uts-iae-soa-kelompokbiner/product-service/vendor/laravel/framework/src/Illuminate/Container/Container.php(799): Illuminate/Container/BoundMethod::call(Object(Illuminate/Foundation/Application), Array, Array, NULL)
#13 C:/Users/Abel Christian Yahya/Documents/uts-iae-soa-kelompokbiner/product-service/vendor/laravel/framework/src/Illuminate/Console/Command.php(211): Illuminate/Container/Container->call(Array)
#14 C:/Users/Abel Christian Yahya/Documents/uts-iae-soa-kelompokbiner/product-service/vendor/symfony/console/Command/Command.php(341): Illuminate/Console/Command->execute(Object(Symfony/Component/Console/Input/ArgvInput), Object(Illuminate/Console/OutputStyle))
#15 C:/Users/Abel Christian Yahya/Documents/uts-iae-soa-kelompokbiner/product-service/vendor/laravel/framework/src/Illuminate/Console/Command.php(180): Symfony/Component/Console/Command/Command->run(Object(Symfony/Component/Console/Input/ArgvInput), Object(Illuminate/Console/OutputStyle))
#16 C:/Users/Abel Christian Yahya/Documents/uts-iae-soa-kelompokbiner/product-service/vendor/symfony/console/Application.php(1117): Illuminate/Console/Command->run(Object(Symfony/Component/Console/Input/ArgvInput), Object(Symfony/Component/Console/Output/ConsoleOutput))
#17 C:/Users/Abel Christian Yahya/Documents/uts-iae-soa-kelompokbiner/product-service/vendor/symfony/console/Application.php(356): Symfony/Component/Console/Application->doRunCommand(Object(Illuminate/Foundation/Console/RouteListCommand), Object(Symfony/Component/Console/Input/ArgvInput), Object(Symfony/Component/Console/Output/ConsoleOutput))
#18 C:/Users/Abel Christian Yahya/Documents/uts-iae-soa-kelompokbiner/product-service/vendor/symfony/console/Application.php(195): Symfony/Component/Console/Application->doRun(Object(Symfony/Component/Console/Input/ArgvInput), Object(Symfony/Component/Console/Output/ConsoleOutput))
#19 C:/Users/Abel Christian Yahya/Documents/uts-iae-soa-kelompokbiner/product-service/vendor/laravel/framework/src/Illuminate/Foundation/Console/Kernel.php(198): Symfony/Component/Console/Application->run(Object(Symfony/Component/Console/Input/ArgvInput), Object(Symfony/Component/Console/Output/ConsoleOutput))
#20 C:/Users/Abel Christian Yahya/Documents/uts-iae-soa-kelompokbiner/product-service/vendor/laravel/framework/src/Illuminate/Foundation/Application.php(1235): Illuminate/Foundation/Console/Kernel->handle(Object(Symfony/Component/Console/Input/ArgvInput), Object(Symfony/Component/Console/Output/ConsoleOutput))
#21 C:/Users/Abel Christian Yahya/Documents/uts-iae-soa-kelompokbiner/product-service/artisan(16): Illuminate/Foundation/Application->handleCommand(Object(Symfony/Component/Console/Input/ArgvInput))
#22 {main}
"} 
[2026-04-28 15:44:22] local.ERROR: Class "App\Http\Controllers\Api\ProductController" does not exist {"exception":"[object] (ReflectionException(code: -1): Class \"App\\Http\\Controllers\\Api\\ProductController\" does not exist at C:/Users/Abel Christian Yahya/Documents/uts-iae-soa-kelompokbiner/product-service/vendor/laravel/framework/src/Illuminate/Foundation/Console/RouteListCommand.php:255)
[stacktrace]
#0 C:/Users/Abel Christian Yahya/Documents/uts-iae-soa-kelompokbiner/product-service/vendor/laravel/framework/src/Illuminate/Foundation/Console/RouteListCommand.php(255): ReflectionClass->__construct('App//Http//Contro...')
#1 C:/Users/Abel Christian Yahya/Documents/uts-iae-soa-kelompokbiner/product-service/vendor/laravel/framework/src/Illuminate/Foundation/Console/RouteListCommand.php(150): Illuminate/Foundation/Console/RouteListCommand->isVendorRoute(Object(Illuminate/Routing/Route))
#2 C:/Users/Abel Christian Yahya/Documents/uts-iae-soa-kelompokbiner/product-service/vendor/laravel/framework/src/Illuminate/Foundation/Console/RouteListCommand.php(117): Illuminate/Foundation/Console/RouteListCommand->getRouteInformation(Object(Illuminate/Routing/Route))
#3 [internal function]: Illuminate/Foundation/Console/RouteListCommand->Illuminate/Foundation/Console/{closure}(Object(Illuminate/Routing/Route), 0)
#4 C:/Users/Abel Christian Yahya/Documents/uts-iae-soa-kelompokbiner/product-service/vendor/laravel/framework/src/Illuminate/Collections/Arr.php(841): array_map(Object(Closure), Array, Array)
#5 C:/Users/Abel Christian Yahya/Documents/uts-iae-soa-kelompokbiner/product-service/vendor/laravel/framework/src/Illuminate/Collections/Collection.php(829): Illuminate/Support/Arr::map(Array, Object(Closure))
#6 C:/Users/Abel Christian Yahya/Documents/uts-iae-soa-kelompokbiner/product-service/vendor/laravel/framework/src/Illuminate/Foundation/Console/RouteListCommand.php(117): Illuminate/Support/Collection->map(Object(Closure))
#7 C:/Users/Abel Christian Yahya/Documents/uts-iae-soa-kelompokbiner/product-service/vendor/laravel/framework/src/Illuminate/Foundation/Console/RouteListCommand.php(102): Illuminate/Foundation/Console/RouteListCommand->getRoutes()
#8 C:/Users/Abel Christian Yahya/Documents/uts-iae-soa-kelompokbiner/product-service/vendor/laravel/framework/src/Illuminate/Container/BoundMethod.php(36): Illuminate/Foundation/Console/RouteListCommand->handle()
#9 C:/Users/Abel Christian Yahya/Documents/uts-iae-soa-kelompokbiner/product-service/vendor/laravel/framework/src/Illuminate/Container/Util.php(43): Illuminate/Container/BoundMethod::Illuminate/Container/{closure}()
#10 C:/Users/Abel Christian Yahya/Documents/uts-iae-soa-kelompokbiner/product-service/vendor/laravel/framework/src/Illuminate/Container/BoundMethod.php(96): Illuminate/Container/Util::unwrapIfClosure(Object(Closure))
#11 C:/Users/Abel Christian Yahya/Documents/uts-iae-soa-kelompokbiner/product-service/vendor/laravel/framework/src/Illuminate/Container/BoundMethod.php(35): Illuminate/Container/BoundMethod::callBoundMethod(Object(Illuminate/Foundation/Application), Array, Object(Closure))
#12 C:/Users/Abel Christian Yahya/Documents/uts-iae-soa-kelompokbiner/product-service/vendor/laravel/framework/src/Illuminate/Container/Container.php(799): Illuminate/Container/BoundMethod::call(Object(Illuminate/Foundation/Application), Array, Array, NULL)
#13 C:/Users/Abel Christian Yahya/Documents/uts-iae-soa-kelompokbiner/product-service/vendor/laravel/framework/src/Illuminate/Console/Command.php(211): Illuminate/Container/Container->call(Array)
#14 C:/Users/Abel Christian Yahya/Documents/uts-iae-soa-kelompokbiner/product-service/vendor/symfony/console/Command/Command.php(341): Illuminate/Console/Command->execute(Object(Symfony/Component/Console/Input/ArgvInput), Object(Illuminate/Console/OutputStyle))
#15 C:/Users/Abel Christian Yahya/Documents/uts-iae-soa-kelompokbiner/product-service/vendor/laravel/framework/src/Illuminate/Console/Command.php(180): Symfony/Component/Console/Command/Command->run(Object(Symfony/Component/Console/Input/ArgvInput), Object(Illuminate/Console/OutputStyle))
#16 C:/Users/Abel Christian Yahya/Documents/uts-iae-soa-kelompokbiner/product-service/vendor/symfony/console/Application.php(1117): Illuminate/Console/Command->run(Object(Symfony/Component/Console/Input/ArgvInput), Object(Symfony/Component/Console/Output/ConsoleOutput))
#17 C:/Users/Abel Christian Yahya/Documents/uts-iae-soa-kelompokbiner/product-service/vendor/symfony/console/Application.php(356): Symfony/Component/Console/Application->doRunCommand(Object(Illuminate/Foundation/Console/RouteListCommand), Object(Symfony/Component/Console/Input/ArgvInput), Object(Symfony/Component/Console/Output/ConsoleOutput))
#18 C:/Users/Abel Christian Yahya/Documents/uts-iae-soa-kelompokbiner/product-service/vendor/symfony/console/Application.php(195): Symfony/Component/Console/Application->doRun(Object(Symfony/Component/Console/Input/ArgvInput), Object(Symfony/Component/Console/Output/ConsoleOutput))
#19 C:/Users/Abel Christian Yahya/Documents/uts-iae-soa-kelompokbiner/product-service/vendor/laravel/framework/src/Illuminate/Foundation/Console/Kernel.php(198): Symfony/Component/Console/Application->run(Object(Symfony/Component/Console/Input/ArgvInput), Object(Symfony/Component/Console/Output/ConsoleOutput))
#20 C:/Users/Abel Christian Yahya/Documents/uts-iae-soa-kelompokbiner/product-service/vendor/laravel/framework/src/Illuminate/Foundation/Application.php(1235): Illuminate/Foundation/Console/Kernel->handle(Object(Symfony/Component/Console/Input/ArgvInput), Object(Symfony/Component/Console/Output/ConsoleOutput))
#21 C:/Users/Abel Christian Yahya/Documents/uts-iae-soa-kelompokbiner/product-service/artisan(16): Illuminate/Foundation/Application->handleCommand(Object(Symfony/Component/Console/Input/ArgvInput))
#22 {main}
"} 
